// Jest Snapshot v1, https://goo.gl/fbAQLP

exports[`Component: PokeListItem Should render correctly 1`] = `
<button
  className="sc-bdnxRM hSQkRS"
  onClick={[MockFunction]}
  role="button"
/>
`;
